{
  "add5": [],
  "main": [
    {
      "callee_name": "add5",
      "pos": {
        "col": 3,
        "row": 8
      }
    }
  ]
}
